From,To,Value
Olivia Noah,Isaac Emilia,0.42
Riley Jackson,Adalyn Josiah,0.85
Riley Jackson,Oliver Aaliyah,0.85
Riley Jackson,Caleb Nova,0.85
Riley Jackson,Matthew Lila,0.85
Riley Jackson,Landon Skyler,0.85
Emma Aiden,Isabella Grayson,
Emma Aiden,Mia Mateo,
Emma Aiden,Eliana Ethan,
Emma Aiden,Everly James,
Emma Aiden,Harper Leo,
Emma Aiden,Isla Jayce,
Emma Aiden,Leah Jack,
Emma Aiden,Nora Ryan,
Emma Aiden,Kinsley Miles,
Emma Aiden,Nova Caleb,
Emma Aiden,Ariana Colton,
Emma Aiden,Brooklyn Ian,
Emma Aiden,Elizabeth Nathan,
Emma Aiden,Skyler Landon,
Emma Aiden,Melanie Jameson,
Emma Aiden,Ivy Jeremiah,
Emma Aiden,Amaya Hunter,
Emma Aiden,Nyla Bryson,
Emma Aiden,Liam Sophia,
Emma Aiden,Elijah Ava,
Emma Aiden,Carter Camilla,
Emma Aiden,Jayden Charlotte,
Emma Aiden,James Everly,
Emma Aiden,Leo Harper,
Emma Aiden,Levi Gianna,
Emma Aiden,Josiah Adalyn,
Emma Aiden,Jayce Isla,
Emma Aiden,Wyatt Abigail,
Emma Aiden,Miles Kinsley,
Emma Aiden,Lincoln Elena,
Emma Aiden,Carson Hannah,
Emma Aiden,Maverick Penelope,
Emma Aiden,John Mackenzie,
Emma Aiden,Jameson Melanie,
Emma Aiden,Nolan Bella,
Ava Elijah,Daniel Chloe,0.86
Isabella Grayson,Mia Mateo,
Isabella Grayson,Eliana Ethan,
Isabella Grayson,Everly James,
Isabella Grayson,Harper Leo,
Isabella Grayson,Isla Jayce,
Isabella Grayson,Leah Jack,
Isabella Grayson,Nora Ryan,
Isabella Grayson,Kinsley Miles,
Isabella Grayson,Nova Caleb,
Isabella Grayson,Ariana Colton,
Isabella Grayson,Brooklyn Ian,
Isabella Grayson,Elizabeth Nathan,
Isabella Grayson,Skyler Landon,
Isabella Grayson,Melanie Jameson,
Isabella Grayson,Ivy Jeremiah,
Isabella Grayson,Amaya Hunter,
Isabella Grayson,Nyla Bryson,
Isabella Grayson,Liam Sophia,
Isabella Grayson,Elijah Ava,
Isabella Grayson,Carter Camilla,
Isabella Grayson,Jayden Charlotte,
Isabella Grayson,James Everly,
Isabella Grayson,Leo Harper,
Isabella Grayson,Levi Gianna,
Isabella Grayson,Josiah Adalyn,
Isabella Grayson,Jayce Isla,
Isabella Grayson,Wyatt Abigail,
Isabella Grayson,Miles Kinsley,
Isabella Grayson,Lincoln Elena,
Isabella Grayson,Carson Hannah,
Isabella Grayson,Maverick Penelope,
Isabella Grayson,John Mackenzie,
Isabella Grayson,Jameson Melanie,
Isabella Grayson,Nolan Bella,
Aria Lucas,Elena Lincoln,0.7
Aria Lucas,Peyton Cameron,0.7
Aria Lucas,Gabriella Dominic,0.7
Aria Lucas,Aiden Emma,0.7
Aria Lucas,Benjamin Avery,0.7
Aria Lucas,Nathan Elizabeth,0.7
Aria Lucas,Thomas Stella,0.7
Aaliyah Oliver,Charlie Henry,0.8
Aaliyah Oliver,Nevaeh Jordyn,0.8
Aaliyah Oliver,Mateo Mia,0.8
Aaliyah Oliver,Ryan Nora,0.8
Aaliyah Oliver,Isaiah Madelyn,0.8
Aaliyah Oliver,Colton Ariana,0.8
Aaliyah Oliver,Ian Brooklyn,0.8
Aaliyah Oliver,Adam Callie,0.8
Amelia Caden,Layla Muhammad,1
Amelia Caden,Mila Sebastian,1
Amelia Caden,Evelyn Logan,1
Amelia Caden,Ella Alexander,1
Amelia Caden,Gianna Levi,1
Amelia Caden,Maya Asher,1
Amelia Caden,Abigail Wyatt,1
Amelia Caden,Emily Gabriel,1
Amelia Caden,Aurora Luke,1
Amelia Caden,Emilia Isaac,1
Amelia Caden,Hannah Carson,1
Amelia Caden,Penelope Maverick,1
Amelia Caden,Violet Kai,1
Amelia Caden,Anna Hudson,1
Amelia Caden,Mackenzie John,1
Amelia Caden,Natalie Ezekiel,1
Amelia Caden,Raelynn Anthony,1
Amelia Caden,Stella Thomas,1
Amelia Caden,Lelani Christian,1
Amelia Caden,Kennedy Joshua,1
Amelia Caden,Lillian Christopher,1
Amelia Caden,Sophie Theodore,1
Amelia Caden,Audrey Cooper,1
Amelia Caden,Jasmine Elliot,1
Amelia Caden,Claire Evan,1
Amelia Caden,Noah Olivia,1
Amelia Caden,Caden Amelia,1
Amelia Caden,Muhammad Layla,1
Amelia Caden,Mason Zoe,1
Amelia Caden,Ethan Eliana,1
Amelia Caden,Sebastian Mila,1
Amelia Caden,Michael Luna,1
Amelia Caden,Luca Lily,1
Amelia Caden,Julian Ellie,1
Amelia Caden,Jack Leah,1
Amelia Caden,Owen Aubrey,1
Amelia Caden,Gabriel Emily,1
Amelia Caden,Luke Aurora,1
Amelia Caden,David Emery,1
Amelia Caden,Eli Grace,1
Amelia Caden,Zane Kaylee,1
Amelia Caden,Connor Victoria,1
Amelia Caden,Anthony Raelynn,1
Amelia Caden,Joseph Addison,1
Amelia Caden,Aaron Naomi,1
Amelia Caden,Christian Lelani,1
Amelia Caden,Xavier Isabelle,1
Amelia Caden,Easton Liliana,1
Amelia Caden,Joshua Kennedy,1
Mia Mateo,Eliana Ethan,
Mia Mateo,Everly James,
Mia Mateo,Harper Leo,
Mia Mateo,Isla Jayce,
Mia Mateo,Leah Jack,
Mia Mateo,Nora Ryan,
Mia Mateo,Kinsley Miles,
Mia Mateo,Nova Caleb,
Mia Mateo,Ariana Colton,
Mia Mateo,Brooklyn Ian,
Mia Mateo,Elizabeth Nathan,
Mia Mateo,Skyler Landon,
Mia Mateo,Melanie Jameson,
Mia Mateo,Ivy Jeremiah,
Mia Mateo,Amaya Hunter,
Mia Mateo,Nyla Bryson,
Mia Mateo,Liam Sophia,
Mia Mateo,Elijah Ava,
Mia Mateo,Carter Camilla,
Mia Mateo,Jayden Charlotte,
Mia Mateo,James Everly,
Mia Mateo,Leo Harper,
Mia Mateo,Levi Gianna,
Mia Mateo,Josiah Adalyn,
Mia Mateo,Jayce Isla,
Mia Mateo,Wyatt Abigail,
Mia Mateo,Miles Kinsley,
Mia Mateo,Lincoln Elena,
Mia Mateo,Carson Hannah,
Mia Mateo,Maverick Penelope,
Mia Mateo,John Mackenzie,
Mia Mateo,Jameson Melanie,
Mia Mateo,Nolan Bella,
Layla Muhammad,Mila Sebastian,1
Layla Muhammad,Evelyn Logan,1
Layla Muhammad,Ella Alexander,1
Layla Muhammad,Gianna Levi,1
Layla Muhammad,Maya Asher,1
Layla Muhammad,Abigail Wyatt,1
Layla Muhammad,Emily Gabriel,1
Layla Muhammad,Aurora Luke,1
Layla Muhammad,Emilia Isaac,1
Layla Muhammad,Hannah Carson,1
Layla Muhammad,Penelope Maverick,1
Layla Muhammad,Violet Kai,1
Layla Muhammad,Anna Hudson,1
Layla Muhammad,Mackenzie John,1
Layla Muhammad,Natalie Ezekiel,1
Layla Muhammad,Raelynn Anthony,1
Layla Muhammad,Stella Thomas,1
Layla Muhammad,Lelani Christian,1
Layla Muhammad,Kennedy Joshua,1
Layla Muhammad,Lillian Christopher,1
Layla Muhammad,Sophie Theodore,1
Layla Muhammad,Audrey Cooper,1
Layla Muhammad,Jasmine Elliot,1
Layla Muhammad,Claire Evan,1
Layla Muhammad,Noah Olivia,1
Layla Muhammad,Caden Amelia,1
Layla Muhammad,Muhammad Layla,1
Layla Muhammad,Mason Zoe,1
Layla Muhammad,Ethan Eliana,1
Layla Muhammad,Sebastian Mila,1
Layla Muhammad,Michael Luna,1
Layla Muhammad,Luca Lily,1
Layla Muhammad,Julian Ellie,1
Layla Muhammad,Jack Leah,1
Layla Muhammad,Owen Aubrey,1
Layla Muhammad,Gabriel Emily,1
Layla Muhammad,Luke Aurora,1
Layla Muhammad,David Emery,1
Layla Muhammad,Eli Grace,1
Layla Muhammad,Zane Kaylee,1
Layla Muhammad,Connor Victoria,1
Layla Muhammad,Anthony Raelynn,1
Layla Muhammad,Joseph Addison,1
Layla Muhammad,Aaron Naomi,1
Layla Muhammad,Christian Lelani,1
Layla Muhammad,Xavier Isabelle,1
Layla Muhammad,Easton Liliana,1
Layla Muhammad,Joshua Kennedy,1
Zoe Mason,Charlotte Jayden,0.95
Zoe Mason,Lila Matthew,0.95
Zoe Mason,Isabelle Xavier,0.95
Zoe Mason,Grayson Isabella,0.95
Zoe Mason,Elias Hailey,0.95
Camilla Carter,Hazel Nicholas,0.5
Camilla Carter,Liliana Easton,0.5
Charlotte Jayden,Lila Matthew,0.95
Charlotte Jayden,Isabelle Xavier,0.95
Charlotte Jayden,Grayson Isabella,0.95
Charlotte Jayden,Elias Hailey,0.95
Eliana Ethan,Everly James,
Eliana Ethan,Harper Leo,
Eliana Ethan,Isla Jayce,
Eliana Ethan,Leah Jack,
Eliana Ethan,Nora Ryan,
Eliana Ethan,Kinsley Miles,
Eliana Ethan,Nova Caleb,
Eliana Ethan,Ariana Colton,
Eliana Ethan,Brooklyn Ian,
Eliana Ethan,Elizabeth Nathan,
Eliana Ethan,Skyler Landon,
Eliana Ethan,Melanie Jameson,
Eliana Ethan,Ivy Jeremiah,
Eliana Ethan,Amaya Hunter,
Eliana Ethan,Nyla Bryson,
Eliana Ethan,Liam Sophia,
Eliana Ethan,Elijah Ava,
Eliana Ethan,Carter Camilla,
Eliana Ethan,Jayden Charlotte,
Eliana Ethan,James Everly,
Eliana Ethan,Leo Harper,
Eliana Ethan,Levi Gianna,
Eliana Ethan,Josiah Adalyn,
Eliana Ethan,Jayce Isla,
Eliana Ethan,Wyatt Abigail,
Eliana Ethan,Miles Kinsley,
Eliana Ethan,Lincoln Elena,
Eliana Ethan,Carson Hannah,
Eliana Ethan,Maverick Penelope,
Eliana Ethan,John Mackenzie,
Eliana Ethan,Jameson Melanie,
Eliana Ethan,Nolan Bella,
Mila Sebastian,Evelyn Logan,1
Mila Sebastian,Ella Alexander,1
Mila Sebastian,Gianna Levi,1
Mila Sebastian,Maya Asher,1
Mila Sebastian,Abigail Wyatt,1
Mila Sebastian,Emily Gabriel,1
Mila Sebastian,Aurora Luke,1
Mila Sebastian,Emilia Isaac,1
Mila Sebastian,Hannah Carson,1
Mila Sebastian,Penelope Maverick,1
Mila Sebastian,Violet Kai,1
Mila Sebastian,Anna Hudson,1
Mila Sebastian,Mackenzie John,1
Mila Sebastian,Natalie Ezekiel,1
Mila Sebastian,Raelynn Anthony,1
Mila Sebastian,Stella Thomas,1
Mila Sebastian,Lelani Christian,1
Mila Sebastian,Kennedy Joshua,1
Mila Sebastian,Lillian Christopher,1
Mila Sebastian,Sophie Theodore,1
Mila Sebastian,Audrey Cooper,1
Mila Sebastian,Jasmine Elliot,1
Mila Sebastian,Claire Evan,1
Mila Sebastian,Noah Olivia,1
Mila Sebastian,Caden Amelia,1
Mila Sebastian,Muhammad Layla,1
Mila Sebastian,Mason Zoe,1
Mila Sebastian,Ethan Eliana,1
Mila Sebastian,Sebastian Mila,1
Mila Sebastian,Michael Luna,1
Mila Sebastian,Luca Lily,1
Mila Sebastian,Julian Ellie,1
Mila Sebastian,Jack Leah,1
Mila Sebastian,Owen Aubrey,1
Mila Sebastian,Gabriel Emily,1
Mila Sebastian,Luke Aurora,1
Mila Sebastian,David Emery,1
Mila Sebastian,Eli Grace,1
Mila Sebastian,Zane Kaylee,1
Mila Sebastian,Connor Victoria,1
Mila Sebastian,Anthony Raelynn,1
Mila Sebastian,Joseph Addison,1
Mila Sebastian,Aaron Naomi,1
Mila Sebastian,Christian Lelani,1
Mila Sebastian,Xavier Isabelle,1
Mila Sebastian,Easton Liliana,1
Mila Sebastian,Joshua Kennedy,1
Everly James,Harper Leo,
Everly James,Isla Jayce,
Everly James,Leah Jack,
Everly James,Nora Ryan,
Everly James,Kinsley Miles,
Everly James,Nova Caleb,
Everly James,Ariana Colton,
Everly James,Brooklyn Ian,
Everly James,Elizabeth Nathan,
Everly James,Skyler Landon,
Everly James,Melanie Jameson,
Everly James,Ivy Jeremiah,
Everly James,Amaya Hunter,
Everly James,Nyla Bryson,
Everly James,Liam Sophia,
Everly James,Elijah Ava,
Everly James,Carter Camilla,
Everly James,Jayden Charlotte,
Everly James,James Everly,
Everly James,Leo Harper,
Everly James,Levi Gianna,
Everly James,Josiah Adalyn,
Everly James,Jayce Isla,
Everly James,Wyatt Abigail,
Everly James,Miles Kinsley,
Everly James,Lincoln Elena,
Everly James,Carson Hannah,
Everly James,Maverick Penelope,
Everly James,John Mackenzie,
Everly James,Jameson Melanie,
Everly James,Nolan Bella,
Luna Michael,Chloe Daniel,0.6
Luna Michael,Victoria Connor,0.6
Luna Michael,Addison Joseph,0.6
Luna Michael,Bella Nolan,0.6
Luna Michael,Maria Axel,0.6
Luna Michael,Cora Brayden,0.6
Luna Michael,Cameron Peyton,0.6
Luna Michael,Ezekiel Natalie,0.6
Evelyn Logan,Ella Alexander,1
Evelyn Logan,Gianna Levi,1
Evelyn Logan,Maya Asher,1
Evelyn Logan,Abigail Wyatt,1
Evelyn Logan,Emily Gabriel,1
Evelyn Logan,Aurora Luke,1
Evelyn Logan,Emilia Isaac,1
Evelyn Logan,Hannah Carson,1
Evelyn Logan,Penelope Maverick,1
Evelyn Logan,Violet Kai,1
Evelyn Logan,Anna Hudson,1
Evelyn Logan,Mackenzie John,1
Evelyn Logan,Natalie Ezekiel,1
Evelyn Logan,Raelynn Anthony,1
Evelyn Logan,Stella Thomas,1
Evelyn Logan,Lelani Christian,1
Evelyn Logan,Kennedy Joshua,1
Evelyn Logan,Lillian Christopher,1
Evelyn Logan,Sophie Theodore,1
Evelyn Logan,Audrey Cooper,1
Evelyn Logan,Jasmine Elliot,1
Evelyn Logan,Claire Evan,1
Evelyn Logan,Noah Olivia,1
Evelyn Logan,Caden Amelia,1
Evelyn Logan,Muhammad Layla,1
Evelyn Logan,Mason Zoe,1
Evelyn Logan,Ethan Eliana,1
Evelyn Logan,Sebastian Mila,1
Evelyn Logan,Michael Luna,1
Evelyn Logan,Luca Lily,1
Evelyn Logan,Julian Ellie,1
Evelyn Logan,Jack Leah,1
Evelyn Logan,Owen Aubrey,1
Evelyn Logan,Gabriel Emily,1
Evelyn Logan,Luke Aurora,1
Evelyn Logan,David Emery,1
Evelyn Logan,Eli Grace,1
Evelyn Logan,Zane Kaylee,1
Evelyn Logan,Connor Victoria,1
Evelyn Logan,Anthony Raelynn,1
Evelyn Logan,Joseph Addison,1
Evelyn Logan,Aaron Naomi,1
Evelyn Logan,Christian Lelani,1
Evelyn Logan,Xavier Isabelle,1
Evelyn Logan,Easton Liliana,1
Evelyn Logan,Joshua Kennedy,1
Harper Leo,Isla Jayce,
Harper Leo,Leah Jack,
Harper Leo,Nora Ryan,
Harper Leo,Kinsley Miles,
Harper Leo,Nova Caleb,
Harper Leo,Ariana Colton,
Harper Leo,Brooklyn Ian,
Harper Leo,Elizabeth Nathan,
Harper Leo,Skyler Landon,
Harper Leo,Melanie Jameson,
Harper Leo,Ivy Jeremiah,
Harper Leo,Amaya Hunter,
Harper Leo,Nyla Bryson,
Harper Leo,Liam Sophia,
Harper Leo,Elijah Ava,
Harper Leo,Carter Camilla,
Harper Leo,Jayden Charlotte,
Harper Leo,James Everly,
Harper Leo,Leo Harper,
Harper Leo,Levi Gianna,
Harper Leo,Josiah Adalyn,
Harper Leo,Jayce Isla,
Harper Leo,Wyatt Abigail,
Harper Leo,Miles Kinsley,
Harper Leo,Lincoln Elena,
Harper Leo,Carson Hannah,
Harper Leo,Maverick Penelope,
Harper Leo,John Mackenzie,
Harper Leo,Jameson Melanie,
Harper Leo,Nolan Bella,
Lily Luca,Aubrey Owen,0.98
Lily Luca,Paisley Ezra,0.98
Lily Luca,Kaylee Zane,0.98
Lily Luca,Willow Roman,0.98
Ella Alexander,Gianna Levi,1
Ella Alexander,Maya Asher,1
Ella Alexander,Abigail Wyatt,1
Ella Alexander,Emily Gabriel,1
Ella Alexander,Aurora Luke,1
Ella Alexander,Emilia Isaac,1
Ella Alexander,Hannah Carson,1
Ella Alexander,Penelope Maverick,1
Ella Alexander,Violet Kai,1
Ella Alexander,Anna Hudson,1
Ella Alexander,Mackenzie John,1
Ella Alexander,Natalie Ezekiel,1
Ella Alexander,Raelynn Anthony,1
Ella Alexander,Stella Thomas,1
Ella Alexander,Lelani Christian,1
Ella Alexander,Kennedy Joshua,1
Ella Alexander,Lillian Christopher,1
Ella Alexander,Sophie Theodore,1
Ella Alexander,Audrey Cooper,1
Ella Alexander,Jasmine Elliot,1
Ella Alexander,Claire Evan,1
Ella Alexander,Noah Olivia,1
Ella Alexander,Caden Amelia,1
Ella Alexander,Muhammad Layla,1
Ella Alexander,Mason Zoe,1
Ella Alexander,Ethan Eliana,1
Ella Alexander,Sebastian Mila,1
Ella Alexander,Michael Luna,1
Ella Alexander,Luca Lily,1
Ella Alexander,Julian Ellie,1
Ella Alexander,Jack Leah,1
Ella Alexander,Owen Aubrey,1
Ella Alexander,Gabriel Emily,1
Ella Alexander,Luke Aurora,1
Ella Alexander,David Emery,1
Ella Alexander,Eli Grace,1
Ella Alexander,Zane Kaylee,1
Ella Alexander,Connor Victoria,1
Ella Alexander,Anthony Raelynn,1
Ella Alexander,Joseph Addison,1
Ella Alexander,Aaron Naomi,1
Ella Alexander,Christian Lelani,1
Ella Alexander,Xavier Isabelle,1
Ella Alexander,Easton Liliana,1
Ella Alexander,Joshua Kennedy,1
Gianna Levi,Maya Asher,1
Gianna Levi,Abigail Wyatt,1
Gianna Levi,Emily Gabriel,1
Gianna Levi,Aurora Luke,1
Gianna Levi,Emilia Isaac,1
Gianna Levi,Hannah Carson,1
Gianna Levi,Penelope Maverick,1
Gianna Levi,Violet Kai,1
Gianna Levi,Anna Hudson,1
Gianna Levi,Mackenzie John,1
Gianna Levi,Natalie Ezekiel,1
Gianna Levi,Raelynn Anthony,1
Gianna Levi,Stella Thomas,1
Gianna Levi,Lelani Christian,1
Gianna Levi,Kennedy Joshua,1
Gianna Levi,Lillian Christopher,1
Gianna Levi,Sophie Theodore,1
Gianna Levi,Audrey Cooper,1
Gianna Levi,Jasmine Elliot,1
Gianna Levi,Claire Evan,1
Gianna Levi,Noah Olivia,1
Gianna Levi,Caden Amelia,1
Gianna Levi,Muhammad Layla,1
Gianna Levi,Mason Zoe,1
Gianna Levi,Ethan Eliana,1
Gianna Levi,Sebastian Mila,1
Gianna Levi,Michael Luna,1
Gianna Levi,Luca Lily,1
Gianna Levi,Julian Ellie,1
Gianna Levi,Jack Leah,1
Gianna Levi,Owen Aubrey,1
Gianna Levi,Gabriel Emily,1
Gianna Levi,Luke Aurora,1
Gianna Levi,David Emery,1
Gianna Levi,Eli Grace,1
Gianna Levi,Zane Kaylee,1
Gianna Levi,Connor Victoria,1
Gianna Levi,Anthony Raelynn,1
Gianna Levi,Joseph Addison,1
Gianna Levi,Aaron Naomi,1
Gianna Levi,Christian Lelani,1
Gianna Levi,Xavier Isabelle,1
Gianna Levi,Easton Liliana,1
Gianna Levi,Joshua Kennedy,1
Chloe Daniel,Victoria Connor,0.6
Chloe Daniel,Addison Joseph,0.6
Chloe Daniel,Bella Nolan,0.6
Chloe Daniel,Maria Axel,0.6
Chloe Daniel,Cora Brayden,0.6
Chloe Daniel,Cameron Peyton,0.6
Chloe Daniel,Ezekiel Natalie,0.6
Adalyn Josiah,Oliver Aaliyah,0.85
Adalyn Josiah,Caleb Nova,0.85
Adalyn Josiah,Matthew Lila,0.85
Adalyn Josiah,Landon Skyler,0.85
Charlie Henry,Nevaeh Jordyn,0.8
Charlie Henry,Mateo Mia,0.8
Charlie Henry,Ryan Nora,0.8
Charlie Henry,Isaiah Madelyn,0.8
Charlie Henry,Colton Ariana,0.8
Charlie Henry,Ian Brooklyn,0.8
Charlie Henry,Adam Callie,0.8
Isla Jayce,Leah Jack,
Isla Jayce,Nora Ryan,
Isla Jayce,Kinsley Miles,
Isla Jayce,Nova Caleb,
Isla Jayce,Ariana Colton,
Isla Jayce,Brooklyn Ian,
Isla Jayce,Elizabeth Nathan,
Isla Jayce,Skyler Landon,
Isla Jayce,Melanie Jameson,
Isla Jayce,Ivy Jeremiah,
Isla Jayce,Amaya Hunter,
Isla Jayce,Nyla Bryson,
Isla Jayce,Liam Sophia,
Isla Jayce,Elijah Ava,
Isla Jayce,Carter Camilla,
Isla Jayce,Jayden Charlotte,
Isla Jayce,James Everly,
Isla Jayce,Leo Harper,
Isla Jayce,Levi Gianna,
Isla Jayce,Josiah Adalyn,
Isla Jayce,Jayce Isla,
Isla Jayce,Wyatt Abigail,
Isla Jayce,Miles Kinsley,
Isla Jayce,Lincoln Elena,
Isla Jayce,Carson Hannah,
Isla Jayce,Maverick Penelope,
Isla Jayce,John Mackenzie,
Isla Jayce,Jameson Melanie,
Isla Jayce,Nolan Bella,
Ellie Julian,Madelyn Isaiah,0.75
Ellie Julian,Emery David,0.75
Ellie Julian,Grace Eli,0.75
Leah Jack,Nora Ryan,
Leah Jack,Kinsley Miles,
Leah Jack,Nova Caleb,
Leah Jack,Ariana Colton,
Leah Jack,Brooklyn Ian,
Leah Jack,Elizabeth Nathan,
Leah Jack,Skyler Landon,
Leah Jack,Melanie Jameson,
Leah Jack,Ivy Jeremiah,
Leah Jack,Amaya Hunter,
Leah Jack,Nyla Bryson,
Leah Jack,Liam Sophia,
Leah Jack,Elijah Ava,
Leah Jack,Carter Camilla,
Leah Jack,Jayden Charlotte,
Leah Jack,James Everly,
Leah Jack,Leo Harper,
Leah Jack,Levi Gianna,
Leah Jack,Josiah Adalyn,
Leah Jack,Jayce Isla,
Leah Jack,Wyatt Abigail,
Leah Jack,Miles Kinsley,
Leah Jack,Lincoln Elena,
Leah Jack,Carson Hannah,
Leah Jack,Maverick Penelope,
Leah Jack,John Mackenzie,
Leah Jack,Jameson Melanie,
Leah Jack,Nolan Bella,
Nora Ryan,Kinsley Miles,
Nora Ryan,Nova Caleb,
Nora Ryan,Ariana Colton,
Nora Ryan,Brooklyn Ian,
Nora Ryan,Elizabeth Nathan,
Nora Ryan,Skyler Landon,
Nora Ryan,Melanie Jameson,
Nora Ryan,Ivy Jeremiah,
Nora Ryan,Amaya Hunter,
Nora Ryan,Nyla Bryson,
Nora Ryan,Liam Sophia,
Nora Ryan,Elijah Ava,
Nora Ryan,Carter Camilla,
Nora Ryan,Jayden Charlotte,
Nora Ryan,James Everly,
Nora Ryan,Leo Harper,
Nora Ryan,Levi Gianna,
Nora Ryan,Josiah Adalyn,
Nora Ryan,Jayce Isla,
Nora Ryan,Wyatt Abigail,
Nora Ryan,Miles Kinsley,
Nora Ryan,Lincoln Elena,
Nora Ryan,Carson Hannah,
Nora Ryan,Maverick Penelope,
Nora Ryan,John Mackenzie,
Nora Ryan,Jameson Melanie,
Nora Ryan,Nolan Bella,
Scarlett Jacob,Adrian Eleanor,0.83
Scarlett Jacob,Hudson Anna,0.83
Maya Asher,Abigail Wyatt,1
Maya Asher,Emily Gabriel,1
Maya Asher,Aurora Luke,1
Maya Asher,Emilia Isaac,1
Maya Asher,Hannah Carson,1
Maya Asher,Penelope Maverick,1
Maya Asher,Violet Kai,1
Maya Asher,Anna Hudson,1
Maya Asher,Mackenzie John,1
Maya Asher,Natalie Ezekiel,1
Maya Asher,Raelynn Anthony,1
Maya Asher,Stella Thomas,1
Maya Asher,Lelani Christian,1
Maya Asher,Kennedy Joshua,1
Maya Asher,Lillian Christopher,1
Maya Asher,Sophie Theodore,1
Maya Asher,Audrey Cooper,1
Maya Asher,Jasmine Elliot,1
Maya Asher,Claire Evan,1
Maya Asher,Noah Olivia,1
Maya Asher,Caden Amelia,1
Maya Asher,Muhammad Layla,1
Maya Asher,Mason Zoe,1
Maya Asher,Ethan Eliana,1
Maya Asher,Sebastian Mila,1
Maya Asher,Michael Luna,1
Maya Asher,Luca Lily,1
Maya Asher,Julian Ellie,1
Maya Asher,Jack Leah,1
Maya Asher,Owen Aubrey,1
Maya Asher,Gabriel Emily,1
Maya Asher,Luke Aurora,1
Maya Asher,David Emery,1
Maya Asher,Eli Grace,1
Maya Asher,Zane Kaylee,1
Maya Asher,Connor Victoria,1
Maya Asher,Anthony Raelynn,1
Maya Asher,Joseph Addison,1
Maya Asher,Aaron Naomi,1
Maya Asher,Christian Lelani,1
Maya Asher,Xavier Isabelle,1
Maya Asher,Easton Liliana,1
Maya Asher,Joshua Kennedy,1
Abigail Wyatt,Emily Gabriel,1
Abigail Wyatt,Aurora Luke,1
Abigail Wyatt,Emilia Isaac,1
Abigail Wyatt,Hannah Carson,1
Abigail Wyatt,Penelope Maverick,1
Abigail Wyatt,Violet Kai,1
Abigail Wyatt,Anna Hudson,1
Abigail Wyatt,Mackenzie John,1
Abigail Wyatt,Natalie Ezekiel,1
Abigail Wyatt,Raelynn Anthony,1
Abigail Wyatt,Stella Thomas,1
Abigail Wyatt,Lelani Christian,1
Abigail Wyatt,Kennedy Joshua,1
Abigail Wyatt,Lillian Christopher,1
Abigail Wyatt,Sophie Theodore,1
Abigail Wyatt,Audrey Cooper,1
Abigail Wyatt,Jasmine Elliot,1
Abigail Wyatt,Claire Evan,1
Abigail Wyatt,Noah Olivia,1
Abigail Wyatt,Caden Amelia,1
Abigail Wyatt,Muhammad Layla,1
Abigail Wyatt,Mason Zoe,1
Abigail Wyatt,Ethan Eliana,1
Abigail Wyatt,Sebastian Mila,1
Abigail Wyatt,Michael Luna,1
Abigail Wyatt,Luca Lily,1
Abigail Wyatt,Julian Ellie,1
Abigail Wyatt,Jack Leah,1
Abigail Wyatt,Owen Aubrey,1
Abigail Wyatt,Gabriel Emily,1
Abigail Wyatt,Luke Aurora,1
Abigail Wyatt,David Emery,1
Abigail Wyatt,Eli Grace,1
Abigail Wyatt,Zane Kaylee,1
Abigail Wyatt,Connor Victoria,1
Abigail Wyatt,Anthony Raelynn,1
Abigail Wyatt,Joseph Addison,1
Abigail Wyatt,Aaron Naomi,1
Abigail Wyatt,Christian Lelani,1
Abigail Wyatt,Xavier Isabelle,1
Abigail Wyatt,Easton Liliana,1
Abigail Wyatt,Joshua Kennedy,1
Madison William,William Madison,0.45
Madison William,Ezra Paisley,0.45
Aubrey Owen,Paisley Ezra,0.98
Aubrey Owen,Kaylee Zane,0.98
Aubrey Owen,Willow Roman,0.98
Emily Gabriel,Aurora Luke,1
Emily Gabriel,Emilia Isaac,1
Emily Gabriel,Hannah Carson,1
Emily Gabriel,Penelope Maverick,1
Emily Gabriel,Violet Kai,1
Emily Gabriel,Anna Hudson,1
Emily Gabriel,Mackenzie John,1
Emily Gabriel,Natalie Ezekiel,1
Emily Gabriel,Raelynn Anthony,1
Emily Gabriel,Stella Thomas,1
Emily Gabriel,Lelani Christian,1
Emily Gabriel,Kennedy Joshua,1
Emily Gabriel,Lillian Christopher,1
Emily Gabriel,Sophie Theodore,1
Emily Gabriel,Audrey Cooper,1
Emily Gabriel,Jasmine Elliot,1
Emily Gabriel,Claire Evan,1
Emily Gabriel,Noah Olivia,1
Emily Gabriel,Caden Amelia,1
Emily Gabriel,Muhammad Layla,1
Emily Gabriel,Mason Zoe,1
Emily Gabriel,Ethan Eliana,1
Emily Gabriel,Sebastian Mila,1
Emily Gabriel,Michael Luna,1
Emily Gabriel,Luca Lily,1
Emily Gabriel,Julian Ellie,1
Emily Gabriel,Jack Leah,1
Emily Gabriel,Owen Aubrey,1
Emily Gabriel,Gabriel Emily,1
Emily Gabriel,Luke Aurora,1
Emily Gabriel,David Emery,1
Emily Gabriel,Eli Grace,1
Emily Gabriel,Zane Kaylee,1
Emily Gabriel,Connor Victoria,1
Emily Gabriel,Anthony Raelynn,1
Emily Gabriel,Joseph Addison,1
Emily Gabriel,Aaron Naomi,1
Emily Gabriel,Christian Lelani,1
Emily Gabriel,Xavier Isabelle,1
Emily Gabriel,Easton Liliana,1
Emily Gabriel,Joshua Kennedy,1
Kinsley Miles,Nova Caleb,
Kinsley Miles,Ariana Colton,
Kinsley Miles,Brooklyn Ian,
Kinsley Miles,Elizabeth Nathan,
Kinsley Miles,Skyler Landon,
Kinsley Miles,Melanie Jameson,
Kinsley Miles,Ivy Jeremiah,
Kinsley Miles,Amaya Hunter,
Kinsley Miles,Nyla Bryson,
Kinsley Miles,Liam Sophia,
Kinsley Miles,Elijah Ava,
Kinsley Miles,Carter Camilla,
Kinsley Miles,Jayden Charlotte,
Kinsley Miles,James Everly,
Kinsley Miles,Leo Harper,
Kinsley Miles,Levi Gianna,
Kinsley Miles,Josiah Adalyn,
Kinsley Miles,Jayce Isla,
Kinsley Miles,Wyatt Abigail,
Kinsley Miles,Miles Kinsley,
Kinsley Miles,Lincoln Elena,
Kinsley Miles,Carson Hannah,
Kinsley Miles,Maverick Penelope,
Kinsley Miles,John Mackenzie,
Kinsley Miles,Jameson Melanie,
Kinsley Miles,Nolan Bella,
Elena Lincoln,Peyton Cameron,0.7
Elena Lincoln,Gabriella Dominic,0.7
Elena Lincoln,Aiden Emma,0.7
Elena Lincoln,Benjamin Avery,0.7
Elena Lincoln,Nathan Elizabeth,0.7
Elena Lincoln,Thomas Stella,0.7
Paisley Ezra,Kaylee Zane,0.98
Paisley Ezra,Willow Roman,0.98
Madelyn Isaiah,Emery David,0.75
Madelyn Isaiah,Grace Eli,0.75
Aurora Luke,Emilia Isaac,1
Aurora Luke,Hannah Carson,1
Aurora Luke,Penelope Maverick,1
Aurora Luke,Violet Kai,1
Aurora Luke,Anna Hudson,1
Aurora Luke,Mackenzie John,1
Aurora Luke,Natalie Ezekiel,1
Aurora Luke,Raelynn Anthony,1
Aurora Luke,Stella Thomas,1
Aurora Luke,Lelani Christian,1
Aurora Luke,Kennedy Joshua,1
Aurora Luke,Lillian Christopher,1
Aurora Luke,Sophie Theodore,1
Aurora Luke,Audrey Cooper,1
Aurora Luke,Jasmine Elliot,1
Aurora Luke,Claire Evan,1
Aurora Luke,Noah Olivia,1
Aurora Luke,Caden Amelia,1
Aurora Luke,Muhammad Layla,1
Aurora Luke,Mason Zoe,1
Aurora Luke,Ethan Eliana,1
Aurora Luke,Sebastian Mila,1
Aurora Luke,Michael Luna,1
Aurora Luke,Luca Lily,1
Aurora Luke,Julian Ellie,1
Aurora Luke,Jack Leah,1
Aurora Luke,Owen Aubrey,1
Aurora Luke,Gabriel Emily,1
Aurora Luke,Luke Aurora,1
Aurora Luke,David Emery,1
Aurora Luke,Eli Grace,1
Aurora Luke,Zane Kaylee,1
Aurora Luke,Connor Victoria,1
Aurora Luke,Anthony Raelynn,1
Aurora Luke,Joseph Addison,1
Aurora Luke,Aaron Naomi,1
Aurora Luke,Christian Lelani,1
Aurora Luke,Xavier Isabelle,1
Aurora Luke,Easton Liliana,1
Aurora Luke,Joshua Kennedy,1
Peyton Cameron,Gabriella Dominic,0.7
Peyton Cameron,Aiden Emma,0.7
Peyton Cameron,Benjamin Avery,0.7
Peyton Cameron,Nathan Elizabeth,0.7
Peyton Cameron,Thomas Stella,0.7
Nova Caleb,Ariana Colton,
Nova Caleb,Brooklyn Ian,
Nova Caleb,Elizabeth Nathan,
Nova Caleb,Skyler Landon,
Nova Caleb,Melanie Jameson,
Nova Caleb,Ivy Jeremiah,
Nova Caleb,Amaya Hunter,
Nova Caleb,Nyla Bryson,
Nova Caleb,Liam Sophia,
Nova Caleb,Elijah Ava,
Nova Caleb,Carter Camilla,
Nova Caleb,Jayden Charlotte,
Nova Caleb,James Everly,
Nova Caleb,Leo Harper,
Nova Caleb,Levi Gianna,
Nova Caleb,Josiah Adalyn,
Nova Caleb,Jayce Isla,
Nova Caleb,Wyatt Abigail,
Nova Caleb,Miles Kinsley,
Nova Caleb,Lincoln Elena,
Nova Caleb,Carson Hannah,
Nova Caleb,Maverick Penelope,
Nova Caleb,John Mackenzie,
Nova Caleb,Jameson Melanie,
Nova Caleb,Nolan Bella,
Emilia Isaac,Hannah Carson,1
Emilia Isaac,Penelope Maverick,1
Emilia Isaac,Violet Kai,1
Emilia Isaac,Anna Hudson,1
Emilia Isaac,Mackenzie John,1
Emilia Isaac,Natalie Ezekiel,1
Emilia Isaac,Raelynn Anthony,1
Emilia Isaac,Stella Thomas,1
Emilia Isaac,Lelani Christian,1
Emilia Isaac,Kennedy Joshua,1
Emilia Isaac,Lillian Christopher,1
Emilia Isaac,Sophie Theodore,1
Emilia Isaac,Audrey Cooper,1
Emilia Isaac,Jasmine Elliot,1
Emilia Isaac,Claire Evan,1
Emilia Isaac,Noah Olivia,1
Emilia Isaac,Caden Amelia,1
Emilia Isaac,Muhammad Layla,1
Emilia Isaac,Mason Zoe,1
Emilia Isaac,Ethan Eliana,1
Emilia Isaac,Sebastian Mila,1
Emilia Isaac,Michael Luna,1
Emilia Isaac,Luca Lily,1
Emilia Isaac,Julian Ellie,1
Emilia Isaac,Jack Leah,1
Emilia Isaac,Owen Aubrey,1
Emilia Isaac,Gabriel Emily,1
Emilia Isaac,Luke Aurora,1
Emilia Isaac,David Emery,1
Emilia Isaac,Eli Grace,1
Emilia Isaac,Zane Kaylee,1
Emilia Isaac,Connor Victoria,1
Emilia Isaac,Anthony Raelynn,1
Emilia Isaac,Joseph Addison,1
Emilia Isaac,Aaron Naomi,1
Emilia Isaac,Christian Lelani,1
Emilia Isaac,Xavier Isabelle,1
Emilia Isaac,Easton Liliana,1
Emilia Isaac,Joshua Kennedy,1
Hannah Carson,Penelope Maverick,1
Hannah Carson,Violet Kai,1
Hannah Carson,Anna Hudson,1
Hannah Carson,Mackenzie John,1
Hannah Carson,Natalie Ezekiel,1
Hannah Carson,Raelynn Anthony,1
Hannah Carson,Stella Thomas,1
Hannah Carson,Lelani Christian,1
Hannah Carson,Kennedy Joshua,1
Hannah Carson,Lillian Christopher,1
Hannah Carson,Sophie Theodore,1
Hannah Carson,Audrey Cooper,1
Hannah Carson,Jasmine Elliot,1
Hannah Carson,Claire Evan,1
Hannah Carson,Noah Olivia,1
Hannah Carson,Caden Amelia,1
Hannah Carson,Muhammad Layla,1
Hannah Carson,Mason Zoe,1
Hannah Carson,Ethan Eliana,1
Hannah Carson,Sebastian Mila,1
Hannah Carson,Michael Luna,1
Hannah Carson,Luca Lily,1
Hannah Carson,Julian Ellie,1
Hannah Carson,Jack Leah,1
Hannah Carson,Owen Aubrey,1
Hannah Carson,Gabriel Emily,1
Hannah Carson,Luke Aurora,1
Hannah Carson,David Emery,1
Hannah Carson,Eli Grace,1
Hannah Carson,Zane Kaylee,1
Hannah Carson,Connor Victoria,1
Hannah Carson,Anthony Raelynn,1
Hannah Carson,Joseph Addison,1
Hannah Carson,Aaron Naomi,1
Hannah Carson,Christian Lelani,1
Hannah Carson,Xavier Isabelle,1
Hannah Carson,Easton Liliana,1
Hannah Carson,Joshua Kennedy,1
Sarah Samuel,London Damian,0.92
Sarah Samuel,Kai Violet,0.92
Ariana Colton,Brooklyn Ian,
Ariana Colton,Elizabeth Nathan,
Ariana Colton,Skyler Landon,
Ariana Colton,Melanie Jameson,
Ariana Colton,Ivy Jeremiah,
Ariana Colton,Amaya Hunter,
Ariana Colton,Nyla Bryson,
Ariana Colton,Liam Sophia,
Ariana Colton,Elijah Ava,
Ariana Colton,Carter Camilla,
Ariana Colton,Jayden Charlotte,
Ariana Colton,James Everly,
Ariana Colton,Leo Harper,
Ariana Colton,Levi Gianna,
Ariana Colton,Josiah Adalyn,
Ariana Colton,Jayce Isla,
Ariana Colton,Wyatt Abigail,
Ariana Colton,Miles Kinsley,
Ariana Colton,Lincoln Elena,
Ariana Colton,Carson Hannah,
Ariana Colton,Maverick Penelope,
Ariana Colton,John Mackenzie,
Ariana Colton,Jameson Melanie,
Ariana Colton,Nolan Bella,
Penelope Maverick,Violet Kai,1
Penelope Maverick,Anna Hudson,1
Penelope Maverick,Mackenzie John,1
Penelope Maverick,Natalie Ezekiel,1
Penelope Maverick,Raelynn Anthony,1
Penelope Maverick,Stella Thomas,1
Penelope Maverick,Lelani Christian,1
Penelope Maverick,Kennedy Joshua,1
Penelope Maverick,Lillian Christopher,1
Penelope Maverick,Sophie Theodore,1
Penelope Maverick,Audrey Cooper,1
Penelope Maverick,Jasmine Elliot,1
Penelope Maverick,Claire Evan,1
Penelope Maverick,Noah Olivia,1
Penelope Maverick,Caden Amelia,1
Penelope Maverick,Muhammad Layla,1
Penelope Maverick,Mason Zoe,1
Penelope Maverick,Ethan Eliana,1
Penelope Maverick,Sebastian Mila,1
Penelope Maverick,Michael Luna,1
Penelope Maverick,Luca Lily,1
Penelope Maverick,Julian Ellie,1
Penelope Maverick,Jack Leah,1
Penelope Maverick,Owen Aubrey,1
Penelope Maverick,Gabriel Emily,1
Penelope Maverick,Luke Aurora,1
Penelope Maverick,David Emery,1
Penelope Maverick,Eli Grace,1
Penelope Maverick,Zane Kaylee,1
Penelope Maverick,Connor Victoria,1
Penelope Maverick,Anthony Raelynn,1
Penelope Maverick,Joseph Addison,1
Penelope Maverick,Aaron Naomi,1
Penelope Maverick,Christian Lelani,1
Penelope Maverick,Xavier Isabelle,1
Penelope Maverick,Easton Liliana,1
Penelope Maverick,Joshua Kennedy,1
Lila Matthew,Isabelle Xavier,0.95
Lila Matthew,Grayson Isabella,0.95
Lila Matthew,Elias Hailey,0.95
Brooklyn Ian,Elizabeth Nathan,
Brooklyn Ian,Skyler Landon,
Brooklyn Ian,Melanie Jameson,
Brooklyn Ian,Ivy Jeremiah,
Brooklyn Ian,Amaya Hunter,
Brooklyn Ian,Nyla Bryson,
Brooklyn Ian,Liam Sophia,
Brooklyn Ian,Elijah Ava,
Brooklyn Ian,Carter Camilla,
Brooklyn Ian,Jayden Charlotte,
Brooklyn Ian,James Everly,
Brooklyn Ian,Leo Harper,
Brooklyn Ian,Levi Gianna,
Brooklyn Ian,Josiah Adalyn,
Brooklyn Ian,Jayce Isla,
Brooklyn Ian,Wyatt Abigail,
Brooklyn Ian,Miles Kinsley,
Brooklyn Ian,Lincoln Elena,
Brooklyn Ian,Carson Hannah,
Brooklyn Ian,Maverick Penelope,
Brooklyn Ian,John Mackenzie,
Brooklyn Ian,Jameson Melanie,
Brooklyn Ian,Nolan Bella,
Emery David,Grace Eli,0.75
Hazel Nicholas,Liliana Easton,0.5
Hailey Elias,Lucy Dylan,0.9
Hailey Elias,Delilah Andrew,0.9
Hailey Elias,Alaina Zion,0.9
Hailey Elias,Adeline Theo,0.9
Hailey Elias,Eva Santiago,0.9
Hailey Elias,Jackson Riley,0.9
Hailey Elias,Alexander Ella,0.9
Hailey Elias,Samuel Sarah,0.9
Hailey Elias,Nicholas Hazel,0.9
Eleanor Adrian,Allison Max,0.25
Violet Kai,Anna Hudson,1
Violet Kai,Mackenzie John,1
Violet Kai,Natalie Ezekiel,1
Violet Kai,Raelynn Anthony,1
Violet Kai,Stella Thomas,1
Violet Kai,Lelani Christian,1
Violet Kai,Kennedy Joshua,1
Violet Kai,Lillian Christopher,1
Violet Kai,Sophie Theodore,1
Violet Kai,Audrey Cooper,1
Violet Kai,Jasmine Elliot,1
Violet Kai,Claire Evan,1
Violet Kai,Noah Olivia,1
Violet Kai,Caden Amelia,1
Violet Kai,Muhammad Layla,1
Violet Kai,Mason Zoe,1
Violet Kai,Ethan Eliana,1
Violet Kai,Sebastian Mila,1
Violet Kai,Michael Luna,1
Violet Kai,Luca Lily,1
Violet Kai,Julian Ellie,1
Violet Kai,Jack Leah,1
Violet Kai,Owen Aubrey,1
Violet Kai,Gabriel Emily,1
Violet Kai,Luke Aurora,1
Violet Kai,David Emery,1
Violet Kai,Eli Grace,1
Violet Kai,Zane Kaylee,1
Violet Kai,Connor Victoria,1
Violet Kai,Anthony Raelynn,1
Violet Kai,Joseph Addison,1
Violet Kai,Aaron Naomi,1
Violet Kai,Christian Lelani,1
Violet Kai,Xavier Isabelle,1
Violet Kai,Easton Liliana,1
Violet Kai,Joshua Kennedy,1
Elizabeth Nathan,Skyler Landon,
Elizabeth Nathan,Melanie Jameson,
Elizabeth Nathan,Ivy Jeremiah,
Elizabeth Nathan,Amaya Hunter,
Elizabeth Nathan,Nyla Bryson,
Elizabeth Nathan,Liam Sophia,
Elizabeth Nathan,Elijah Ava,
Elizabeth Nathan,Carter Camilla,
Elizabeth Nathan,Jayden Charlotte,
Elizabeth Nathan,James Everly,
Elizabeth Nathan,Leo Harper,
Elizabeth Nathan,Levi Gianna,
Elizabeth Nathan,Josiah Adalyn,
Elizabeth Nathan,Jayce Isla,
Elizabeth Nathan,Wyatt Abigail,
Elizabeth Nathan,Miles Kinsley,
Elizabeth Nathan,Lincoln Elena,
Elizabeth Nathan,Carson Hannah,
Elizabeth Nathan,Maverick Penelope,
Elizabeth Nathan,John Mackenzie,
Elizabeth Nathan,Jameson Melanie,
Elizabeth Nathan,Nolan Bella,
Anna Hudson,Mackenzie John,1
Anna Hudson,Natalie Ezekiel,1
Anna Hudson,Raelynn Anthony,1
Anna Hudson,Stella Thomas,1
Anna Hudson,Lelani Christian,1
Anna Hudson,Kennedy Joshua,1
Anna Hudson,Lillian Christopher,1
Anna Hudson,Sophie Theodore,1
Anna Hudson,Audrey Cooper,1
Anna Hudson,Jasmine Elliot,1
Anna Hudson,Claire Evan,1
Anna Hudson,Noah Olivia,1
Anna Hudson,Caden Amelia,1
Anna Hudson,Muhammad Layla,1
Anna Hudson,Mason Zoe,1
Anna Hudson,Ethan Eliana,1
Anna Hudson,Sebastian Mila,1
Anna Hudson,Michael Luna,1
Anna Hudson,Luca Lily,1
Anna Hudson,Julian Ellie,1
Anna Hudson,Jack Leah,1
Anna Hudson,Owen Aubrey,1
Anna Hudson,Gabriel Emily,1
Anna Hudson,Luke Aurora,1
Anna Hudson,David Emery,1
Anna Hudson,Eli Grace,1
Anna Hudson,Zane Kaylee,1
Anna Hudson,Connor Victoria,1
Anna Hudson,Anthony Raelynn,1
Anna Hudson,Joseph Addison,1
Anna Hudson,Aaron Naomi,1
Anna Hudson,Christian Lelani,1
Anna Hudson,Xavier Isabelle,1
Anna Hudson,Easton Liliana,1
Anna Hudson,Joshua Kennedy,1
Mackenzie John,Natalie Ezekiel,1
Mackenzie John,Raelynn Anthony,1
Mackenzie John,Stella Thomas,1
Mackenzie John,Lelani Christian,1
Mackenzie John,Kennedy Joshua,1
Mackenzie John,Lillian Christopher,1
Mackenzie John,Sophie Theodore,1
Mackenzie John,Audrey Cooper,1
Mackenzie John,Jasmine Elliot,1
Mackenzie John,Claire Evan,1
Mackenzie John,Noah Olivia,1
Mackenzie John,Caden Amelia,1
Mackenzie John,Muhammad Layla,1
Mackenzie John,Mason Zoe,1
Mackenzie John,Ethan Eliana,1
Mackenzie John,Sebastian Mila,1
Mackenzie John,Michael Luna,1
Mackenzie John,Luca Lily,1
Mackenzie John,Julian Ellie,1
Mackenzie John,Jack Leah,1
Mackenzie John,Owen Aubrey,1
Mackenzie John,Gabriel Emily,1
Mackenzie John,Luke Aurora,1
Mackenzie John,David Emery,1
Mackenzie John,Eli Grace,1
Mackenzie John,Zane Kaylee,1
Mackenzie John,Connor Victoria,1
Mackenzie John,Anthony Raelynn,1
Mackenzie John,Joseph Addison,1
Mackenzie John,Aaron Naomi,1
Mackenzie John,Christian Lelani,1
Mackenzie John,Xavier Isabelle,1
Mackenzie John,Easton Liliana,1
Mackenzie John,Joshua Kennedy,1
Kaylee Zane,Willow Roman,0.98
Victoria Connor,Addison Joseph,0.6
Victoria Connor,Bella Nolan,0.6
Victoria Connor,Maria Axel,0.6
Victoria Connor,Cora Brayden,0.6
Victoria Connor,Cameron Peyton,0.6
Victoria Connor,Ezekiel Natalie,0.6
Natalie Ezekiel,Raelynn Anthony,1
Natalie Ezekiel,Stella Thomas,1
Natalie Ezekiel,Lelani Christian,1
Natalie Ezekiel,Kennedy Joshua,1
Natalie Ezekiel,Lillian Christopher,1
Natalie Ezekiel,Sophie Theodore,1
Natalie Ezekiel,Audrey Cooper,1
Natalie Ezekiel,Jasmine Elliot,1
Natalie Ezekiel,Claire Evan,1
Natalie Ezekiel,Noah Olivia,1
Natalie Ezekiel,Caden Amelia,1
Natalie Ezekiel,Muhammad Layla,1
Natalie Ezekiel,Mason Zoe,1
Natalie Ezekiel,Ethan Eliana,1
Natalie Ezekiel,Sebastian Mila,1
Natalie Ezekiel,Michael Luna,1
Natalie Ezekiel,Luca Lily,1
Natalie Ezekiel,Julian Ellie,1
Natalie Ezekiel,Jack Leah,1
Natalie Ezekiel,Owen Aubrey,1
Natalie Ezekiel,Gabriel Emily,1
Natalie Ezekiel,Luke Aurora,1
Natalie Ezekiel,David Emery,1
Natalie Ezekiel,Eli Grace,1
Natalie Ezekiel,Zane Kaylee,1
Natalie Ezekiel,Connor Victoria,1
Natalie Ezekiel,Anthony Raelynn,1
Natalie Ezekiel,Joseph Addison,1
Natalie Ezekiel,Aaron Naomi,1
Natalie Ezekiel,Christian Lelani,1
Natalie Ezekiel,Xavier Isabelle,1
Natalie Ezekiel,Easton Liliana,1
Natalie Ezekiel,Joshua Kennedy,1
Raelynn Anthony,Stella Thomas,1
Raelynn Anthony,Lelani Christian,1
Raelynn Anthony,Kennedy Joshua,1
Raelynn Anthony,Lillian Christopher,1
Raelynn Anthony,Sophie Theodore,1
Raelynn Anthony,Audrey Cooper,1
Raelynn Anthony,Jasmine Elliot,1
Raelynn Anthony,Claire Evan,1
Raelynn Anthony,Noah Olivia,1
Raelynn Anthony,Caden Amelia,1
Raelynn Anthony,Muhammad Layla,1
Raelynn Anthony,Mason Zoe,1
Raelynn Anthony,Ethan Eliana,1
Raelynn Anthony,Sebastian Mila,1
Raelynn Anthony,Michael Luna,1
Raelynn Anthony,Luca Lily,1
Raelynn Anthony,Julian Ellie,1
Raelynn Anthony,Jack Leah,1
Raelynn Anthony,Owen Aubrey,1
Raelynn Anthony,Gabriel Emily,1
Raelynn Anthony,Luke Aurora,1
Raelynn Anthony,David Emery,1
Raelynn Anthony,Eli Grace,1
Raelynn Anthony,Zane Kaylee,1
Raelynn Anthony,Connor Victoria,1
Raelynn Anthony,Anthony Raelynn,1
Raelynn Anthony,Joseph Addison,1
Raelynn Anthony,Aaron Naomi,1
Raelynn Anthony,Christian Lelani,1
Raelynn Anthony,Xavier Isabelle,1
Raelynn Anthony,Easton Liliana,1
Raelynn Anthony,Joshua Kennedy,1
Addison Joseph,Bella Nolan,0.6
Addison Joseph,Maria Axel,0.6
Addison Joseph,Cora Brayden,0.6
Addison Joseph,Cameron Peyton,0.6
Addison Joseph,Ezekiel Natalie,0.6
Skyler Landon,Melanie Jameson,
Skyler Landon,Ivy Jeremiah,
Skyler Landon,Amaya Hunter,
Skyler Landon,Nyla Bryson,
Skyler Landon,Liam Sophia,
Skyler Landon,Elijah Ava,
Skyler Landon,Carter Camilla,
Skyler Landon,Jayden Charlotte,
Skyler Landon,James Everly,
Skyler Landon,Leo Harper,
Skyler Landon,Levi Gianna,
Skyler Landon,Josiah Adalyn,
Skyler Landon,Jayce Isla,
Skyler Landon,Wyatt Abigail,
Skyler Landon,Miles Kinsley,
Skyler Landon,Lincoln Elena,
Skyler Landon,Carson Hannah,
Skyler Landon,Maverick Penelope,
Skyler Landon,John Mackenzie,
Skyler Landon,Jameson Melanie,
Skyler Landon,Nolan Bella,
Melanie Jameson,Ivy Jeremiah,
Melanie Jameson,Amaya Hunter,
Melanie Jameson,Nyla Bryson,
Melanie Jameson,Liam Sophia,
Melanie Jameson,Elijah Ava,
Melanie Jameson,Carter Camilla,
Melanie Jameson,Jayden Charlotte,
Melanie Jameson,James Everly,
Melanie Jameson,Leo Harper,
Melanie Jameson,Levi Gianna,
Melanie Jameson,Josiah Adalyn,
Melanie Jameson,Jayce Isla,
Melanie Jameson,Wyatt Abigail,
Melanie Jameson,Miles Kinsley,
Melanie Jameson,Lincoln Elena,
Melanie Jameson,Carson Hannah,
Melanie Jameson,Maverick Penelope,
Melanie Jameson,John Mackenzie,
Melanie Jameson,Jameson Melanie,
Melanie Jameson,Nolan Bella,
Stella Thomas,Lelani Christian,1
Stella Thomas,Kennedy Joshua,1
Stella Thomas,Lillian Christopher,1
Stella Thomas,Sophie Theodore,1
Stella Thomas,Audrey Cooper,1
Stella Thomas,Jasmine Elliot,1
Stella Thomas,Claire Evan,1
Stella Thomas,Noah Olivia,1
Stella Thomas,Caden Amelia,1
Stella Thomas,Muhammad Layla,1
Stella Thomas,Mason Zoe,1
Stella Thomas,Ethan Eliana,1
Stella Thomas,Sebastian Mila,1
Stella Thomas,Michael Luna,1
Stella Thomas,Luca Lily,1
Stella Thomas,Julian Ellie,1
Stella Thomas,Jack Leah,1
Stella Thomas,Owen Aubrey,1
Stella Thomas,Gabriel Emily,1
Stella Thomas,Luke Aurora,1
Stella Thomas,David Emery,1
Stella Thomas,Eli Grace,1
Stella Thomas,Zane Kaylee,1
Stella Thomas,Connor Victoria,1
Stella Thomas,Anthony Raelynn,1
Stella Thomas,Joseph Addison,1
Stella Thomas,Aaron Naomi,1
Stella Thomas,Christian Lelani,1
Stella Thomas,Xavier Isabelle,1
Stella Thomas,Easton Liliana,1
Stella Thomas,Joshua Kennedy,1
Naomi Aaron,Jacob Scarlett,0.4
Naomi Aaron,Asher Maya,0.4
Lelani Christian,Kennedy Joshua,1
Lelani Christian,Lillian Christopher,1
Lelani Christian,Sophie Theodore,1
Lelani Christian,Audrey Cooper,1
Lelani Christian,Jasmine Elliot,1
Lelani Christian,Claire Evan,1
Lelani Christian,Noah Olivia,1
Lelani Christian,Caden Amelia,1
Lelani Christian,Muhammad Layla,1
Lelani Christian,Mason Zoe,1
Lelani Christian,Ethan Eliana,1
Lelani Christian,Sebastian Mila,1
Lelani Christian,Michael Luna,1
Lelani Christian,Luca Lily,1
Lelani Christian,Julian Ellie,1
Lelani Christian,Jack Leah,1
Lelani Christian,Owen Aubrey,1
Lelani Christian,Gabriel Emily,1
Lelani Christian,Luke Aurora,1
Lelani Christian,David Emery,1
Lelani Christian,Eli Grace,1
Lelani Christian,Zane Kaylee,1
Lelani Christian,Connor Victoria,1
Lelani Christian,Anthony Raelynn,1
Lelani Christian,Joseph Addison,1
Lelani Christian,Aaron Naomi,1
Lelani Christian,Christian Lelani,1
Lelani Christian,Xavier Isabelle,1
Lelani Christian,Easton Liliana,1
Lelani Christian,Joshua Kennedy,1
Isabelle Xavier,Grayson Isabella,0.95
Isabelle Xavier,Elias Hailey,0.95
Bella Nolan,Maria Axel,0.6
Bella Nolan,Cora Brayden,0.6
Bella Nolan,Cameron Peyton,0.6
Bella Nolan,Ezekiel Natalie,0.6
Kennedy Joshua,Lillian Christopher,1
Kennedy Joshua,Sophie Theodore,1
Kennedy Joshua,Audrey Cooper,1
Kennedy Joshua,Jasmine Elliot,1
Kennedy Joshua,Claire Evan,1
Kennedy Joshua,Noah Olivia,1
Kennedy Joshua,Caden Amelia,1
Kennedy Joshua,Muhammad Layla,1
Kennedy Joshua,Mason Zoe,1
Kennedy Joshua,Ethan Eliana,1
Kennedy Joshua,Sebastian Mila,1
Kennedy Joshua,Michael Luna,1
Kennedy Joshua,Luca Lily,1
Kennedy Joshua,Julian Ellie,1
Kennedy Joshua,Jack Leah,1
Kennedy Joshua,Owen Aubrey,1
Kennedy Joshua,Gabriel Emily,1
Kennedy Joshua,Luke Aurora,1
Kennedy Joshua,David Emery,1
Kennedy Joshua,Eli Grace,1
Kennedy Joshua,Zane Kaylee,1
Kennedy Joshua,Connor Victoria,1
Kennedy Joshua,Anthony Raelynn,1
Kennedy Joshua,Joseph Addison,1
Kennedy Joshua,Aaron Naomi,1
Kennedy Joshua,Christian Lelani,1
Kennedy Joshua,Xavier Isabelle,1
Kennedy Joshua,Easton Liliana,1
Kennedy Joshua,Joshua Kennedy,1
Gabriella Dominic,Aiden Emma,0.7
Gabriella Dominic,Benjamin Avery,0.7
Gabriella Dominic,Nathan Elizabeth,0.7
Gabriella Dominic,Thomas Stella,0.7
Lucy Dylan,Delilah Andrew,0.9
Lucy Dylan,Alaina Zion,0.9
Lucy Dylan,Adeline Theo,0.9
Lucy Dylan,Eva Santiago,0.9
Lucy Dylan,Jackson Riley,0.9
Lucy Dylan,Alexander Ella,0.9
Lucy Dylan,Samuel Sarah,0.9
Lucy Dylan,Nicholas Hazel,0.9
Lillian Christopher,Sophie Theodore,1
Lillian Christopher,Audrey Cooper,1
Lillian Christopher,Jasmine Elliot,1
Lillian Christopher,Claire Evan,1
Lillian Christopher,Noah Olivia,1
Lillian Christopher,Caden Amelia,1
Lillian Christopher,Muhammad Layla,1
Lillian Christopher,Mason Zoe,1
Lillian Christopher,Ethan Eliana,1
Lillian Christopher,Sebastian Mila,1
Lillian Christopher,Michael Luna,1
Lillian Christopher,Luca Lily,1
Lillian Christopher,Julian Ellie,1
Lillian Christopher,Jack Leah,1
Lillian Christopher,Owen Aubrey,1
Lillian Christopher,Gabriel Emily,1
Lillian Christopher,Luke Aurora,1
Lillian Christopher,David Emery,1
Lillian Christopher,Eli Grace,1
Lillian Christopher,Zane Kaylee,1
Lillian Christopher,Connor Victoria,1
Lillian Christopher,Anthony Raelynn,1
Lillian Christopher,Joseph Addison,1
Lillian Christopher,Aaron Naomi,1
Lillian Christopher,Christian Lelani,1
Lillian Christopher,Xavier Isabelle,1
Lillian Christopher,Easton Liliana,1
Lillian Christopher,Joshua Kennedy,1
Sophie Theodore,Audrey Cooper,1
Sophie Theodore,Jasmine Elliot,1
Sophie Theodore,Claire Evan,1
Sophie Theodore,Noah Olivia,1
Sophie Theodore,Caden Amelia,1
Sophie Theodore,Muhammad Layla,1
Sophie Theodore,Mason Zoe,1
Sophie Theodore,Ethan Eliana,1
Sophie Theodore,Sebastian Mila,1
Sophie Theodore,Michael Luna,1
Sophie Theodore,Luca Lily,1
Sophie Theodore,Julian Ellie,1
Sophie Theodore,Jack Leah,1
Sophie Theodore,Owen Aubrey,1
Sophie Theodore,Gabriel Emily,1
Sophie Theodore,Luke Aurora,1
Sophie Theodore,David Emery,1
Sophie Theodore,Eli Grace,1
Sophie Theodore,Zane Kaylee,1
Sophie Theodore,Connor Victoria,1
Sophie Theodore,Anthony Raelynn,1
Sophie Theodore,Joseph Addison,1
Sophie Theodore,Aaron Naomi,1
Sophie Theodore,Christian Lelani,1
Sophie Theodore,Xavier Isabelle,1
Sophie Theodore,Easton Liliana,1
Sophie Theodore,Joshua Kennedy,1
Ivy Jeremiah,Amaya Hunter,
Ivy Jeremiah,Nyla Bryson,
Ivy Jeremiah,Liam Sophia,
Ivy Jeremiah,Elijah Ava,
Ivy Jeremiah,Carter Camilla,
Ivy Jeremiah,Jayden Charlotte,
Ivy Jeremiah,James Everly,
Ivy Jeremiah,Leo Harper,
Ivy Jeremiah,Levi Gianna,
Ivy Jeremiah,Josiah Adalyn,
Ivy Jeremiah,Jayce Isla,
Ivy Jeremiah,Wyatt Abigail,
Ivy Jeremiah,Miles Kinsley,
Ivy Jeremiah,Lincoln Elena,
Ivy Jeremiah,Carson Hannah,
Ivy Jeremiah,Maverick Penelope,
Ivy Jeremiah,John Mackenzie,
Ivy Jeremiah,Jameson Melanie,
Ivy Jeremiah,Nolan Bella,
Amaya Hunter,Nyla Bryson,
Amaya Hunter,Liam Sophia,
Amaya Hunter,Elijah Ava,
Amaya Hunter,Carter Camilla,
Amaya Hunter,Jayden Charlotte,
Amaya Hunter,James Everly,
Amaya Hunter,Leo Harper,
Amaya Hunter,Levi Gianna,
Amaya Hunter,Josiah Adalyn,
Amaya Hunter,Jayce Isla,
Amaya Hunter,Wyatt Abigail,
Amaya Hunter,Miles Kinsley,
Amaya Hunter,Lincoln Elena,
Amaya Hunter,Carson Hannah,
Amaya Hunter,Maverick Penelope,
Amaya Hunter,John Mackenzie,
Amaya Hunter,Jameson Melanie,
Amaya Hunter,Nolan Bella,
Delilah Andrew,Alaina Zion,0.9
Delilah Andrew,Adeline Theo,0.9
Delilah Andrew,Eva Santiago,0.9
Delilah Andrew,Jackson Riley,0.9
Delilah Andrew,Alexander Ella,0.9
Delilah Andrew,Samuel Sarah,0.9
Delilah Andrew,Nicholas Hazel,0.9
Nevaeh Jordyn,Mateo Mia,0.8
Nevaeh Jordyn,Ryan Nora,0.8
Nevaeh Jordyn,Isaiah Madelyn,0.8
Nevaeh Jordyn,Colton Ariana,0.8
Nevaeh Jordyn,Ian Brooklyn,0.8
Nevaeh Jordyn,Adam Callie,0.8
London Damian,Kai Violet,0.92
Alaina Zion,Adeline Theo,0.9
Alaina Zion,Eva Santiago,0.9
Alaina Zion,Jackson Riley,0.9
Alaina Zion,Alexander Ella,0.9
Alaina Zion,Samuel Sarah,0.9
Alaina Zion,Nicholas Hazel,0.9
Adeline Theo,Eva Santiago,0.9
Adeline Theo,Jackson Riley,0.9
Adeline Theo,Alexander Ella,0.9
Adeline Theo,Samuel Sarah,0.9
Adeline Theo,Nicholas Hazel,0.9
Audrey Cooper,Jasmine Elliot,1
Audrey Cooper,Claire Evan,1
Audrey Cooper,Noah Olivia,1
Audrey Cooper,Caden Amelia,1
Audrey Cooper,Muhammad Layla,1
Audrey Cooper,Mason Zoe,1
Audrey Cooper,Ethan Eliana,1
Audrey Cooper,Sebastian Mila,1
Audrey Cooper,Michael Luna,1
Audrey Cooper,Luca Lily,1
Audrey Cooper,Julian Ellie,1
Audrey Cooper,Jack Leah,1
Audrey Cooper,Owen Aubrey,1
Audrey Cooper,Gabriel Emily,1
Audrey Cooper,Luke Aurora,1
Audrey Cooper,David Emery,1
Audrey Cooper,Eli Grace,1
Audrey Cooper,Zane Kaylee,1
Audrey Cooper,Connor Victoria,1
Audrey Cooper,Anthony Raelynn,1
Audrey Cooper,Joseph Addison,1
Audrey Cooper,Aaron Naomi,1
Audrey Cooper,Christian Lelani,1
Audrey Cooper,Xavier Isabelle,1
Audrey Cooper,Easton Liliana,1
Audrey Cooper,Joshua Kennedy,1
Maria Axel,Cora Brayden,0.6
Maria Axel,Cameron Peyton,0.6
Maria Axel,Ezekiel Natalie,0.6
Eva Santiago,Jackson Riley,0.9
Eva Santiago,Alexander Ella,0.9
Eva Santiago,Samuel Sarah,0.9
Eva Santiago,Nicholas Hazel,0.9
Jasmine Elliot,Claire Evan,1
Jasmine Elliot,Noah Olivia,1
Jasmine Elliot,Caden Amelia,1
Jasmine Elliot,Muhammad Layla,1
Jasmine Elliot,Mason Zoe,1
Jasmine Elliot,Ethan Eliana,1
Jasmine Elliot,Sebastian Mila,1
Jasmine Elliot,Michael Luna,1
Jasmine Elliot,Luca Lily,1
Jasmine Elliot,Julian Ellie,1
Jasmine Elliot,Jack Leah,1
Jasmine Elliot,Owen Aubrey,1
Jasmine Elliot,Gabriel Emily,1
Jasmine Elliot,Luke Aurora,1
Jasmine Elliot,David Emery,1
Jasmine Elliot,Eli Grace,1
Jasmine Elliot,Zane Kaylee,1
Jasmine Elliot,Connor Victoria,1
Jasmine Elliot,Anthony Raelynn,1
Jasmine Elliot,Joseph Addison,1
Jasmine Elliot,Aaron Naomi,1
Jasmine Elliot,Christian Lelani,1
Jasmine Elliot,Xavier Isabelle,1
Jasmine Elliot,Easton Liliana,1
Jasmine Elliot,Joshua Kennedy,1
Nyla Bryson,Liam Sophia,
Nyla Bryson,Elijah Ava,
Nyla Bryson,Carter Camilla,
Nyla Bryson,Jayden Charlotte,
Nyla Bryson,James Everly,
Nyla Bryson,Leo Harper,
Nyla Bryson,Levi Gianna,
Nyla Bryson,Josiah Adalyn,
Nyla Bryson,Jayce Isla,
Nyla Bryson,Wyatt Abigail,
Nyla Bryson,Miles Kinsley,
Nyla Bryson,Lincoln Elena,
Nyla Bryson,Carson Hannah,
Nyla Bryson,Maverick Penelope,
Nyla Bryson,John Mackenzie,
Nyla Bryson,Jameson Melanie,
Nyla Bryson,Nolan Bella,
Cora Brayden,Cameron Peyton,0.6
Cora Brayden,Ezekiel Natalie,0.6
Makayla Jonathan,Lucas Aria,0.65
Claire Evan,Noah Olivia,1
Claire Evan,Caden Amelia,1
Claire Evan,Muhammad Layla,1
Claire Evan,Mason Zoe,1
Claire Evan,Ethan Eliana,1
Claire Evan,Sebastian Mila,1
Claire Evan,Michael Luna,1
Claire Evan,Luca Lily,1
Claire Evan,Julian Ellie,1
Claire Evan,Jack Leah,1
Claire Evan,Owen Aubrey,1
Claire Evan,Gabriel Emily,1
Claire Evan,Luke Aurora,1
Claire Evan,David Emery,1
Claire Evan,Eli Grace,1
Claire Evan,Zane Kaylee,1
Claire Evan,Connor Victoria,1
Claire Evan,Anthony Raelynn,1
Claire Evan,Joseph Addison,1
Claire Evan,Aaron Naomi,1
Claire Evan,Christian Lelani,1
Claire Evan,Xavier Isabelle,1
Claire Evan,Easton Liliana,1
Claire Evan,Joshua Kennedy,1
Liam Sophia,Elijah Ava,
Liam Sophia,Carter Camilla,
Liam Sophia,Jayden Charlotte,
Liam Sophia,James Everly,
Liam Sophia,Leo Harper,
Liam Sophia,Levi Gianna,
Liam Sophia,Josiah Adalyn,
Liam Sophia,Jayce Isla,
Liam Sophia,Wyatt Abigail,
Liam Sophia,Miles Kinsley,
Liam Sophia,Lincoln Elena,
Liam Sophia,Carson Hannah,
Liam Sophia,Maverick Penelope,
Liam Sophia,John Mackenzie,
Liam Sophia,Jameson Melanie,
Liam Sophia,Nolan Bella,
Noah Olivia,Caden Amelia,1
Noah Olivia,Muhammad Layla,1
Noah Olivia,Mason Zoe,1
Noah Olivia,Ethan Eliana,1
Noah Olivia,Sebastian Mila,1
Noah Olivia,Michael Luna,1
Noah Olivia,Luca Lily,1
Noah Olivia,Julian Ellie,1
Noah Olivia,Jack Leah,1
Noah Olivia,Owen Aubrey,1
Noah Olivia,Gabriel Emily,1
Noah Olivia,Luke Aurora,1
Noah Olivia,David Emery,1
Noah Olivia,Eli Grace,1
Noah Olivia,Zane Kaylee,1
Noah Olivia,Connor Victoria,1
Noah Olivia,Anthony Raelynn,1
Noah Olivia,Joseph Addison,1
Noah Olivia,Aaron Naomi,1
Noah Olivia,Christian Lelani,1
Noah Olivia,Xavier Isabelle,1
Noah Olivia,Easton Liliana,1
Noah Olivia,Joshua Kennedy,1
Jackson Riley,Alexander Ella,0.9
Jackson Riley,Samuel Sarah,0.9
Jackson Riley,Nicholas Hazel,0.9
Aiden Emma,Benjamin Avery,0.7
Aiden Emma,Nathan Elizabeth,0.7
Aiden Emma,Thomas Stella,0.7
Elijah Ava,Carter Camilla,
Elijah Ava,Jayden Charlotte,
Elijah Ava,James Everly,
Elijah Ava,Leo Harper,
Elijah Ava,Levi Gianna,
Elijah Ava,Josiah Adalyn,
Elijah Ava,Jayce Isla,
Elijah Ava,Wyatt Abigail,
Elijah Ava,Miles Kinsley,
Elijah Ava,Lincoln Elena,
Elijah Ava,Carson Hannah,
Elijah Ava,Maverick Penelope,
Elijah Ava,John Mackenzie,
Elijah Ava,Jameson Melanie,
Elijah Ava,Nolan Bella,
Grayson Isabella,Elias Hailey,0.95
Oliver Aaliyah,Caleb Nova,0.85
Oliver Aaliyah,Matthew Lila,0.85
Oliver Aaliyah,Landon Skyler,0.85
Caden Amelia,Muhammad Layla,1
Caden Amelia,Mason Zoe,1
Caden Amelia,Ethan Eliana,1
Caden Amelia,Sebastian Mila,1
Caden Amelia,Michael Luna,1
Caden Amelia,Luca Lily,1
Caden Amelia,Julian Ellie,1
Caden Amelia,Jack Leah,1
Caden Amelia,Owen Aubrey,1
Caden Amelia,Gabriel Emily,1
Caden Amelia,Luke Aurora,1
Caden Amelia,David Emery,1
Caden Amelia,Eli Grace,1
Caden Amelia,Zane Kaylee,1
Caden Amelia,Connor Victoria,1
Caden Amelia,Anthony Raelynn,1
Caden Amelia,Joseph Addison,1
Caden Amelia,Aaron Naomi,1
Caden Amelia,Christian Lelani,1
Caden Amelia,Xavier Isabelle,1
Caden Amelia,Easton Liliana,1
Caden Amelia,Joshua Kennedy,1
Mateo Mia,Ryan Nora,0.8
Mateo Mia,Isaiah Madelyn,0.8
Mateo Mia,Colton Ariana,0.8
Mateo Mia,Ian Brooklyn,0.8
Mateo Mia,Adam Callie,0.8
Muhammad Layla,Mason Zoe,1
Muhammad Layla,Ethan Eliana,1
Muhammad Layla,Sebastian Mila,1
Muhammad Layla,Michael Luna,1
Muhammad Layla,Luca Lily,1
Muhammad Layla,Julian Ellie,1
Muhammad Layla,Jack Leah,1
Muhammad Layla,Owen Aubrey,1
Muhammad Layla,Gabriel Emily,1
Muhammad Layla,Luke Aurora,1
Muhammad Layla,David Emery,1
Muhammad Layla,Eli Grace,1
Muhammad Layla,Zane Kaylee,1
Muhammad Layla,Connor Victoria,1
Muhammad Layla,Anthony Raelynn,1
Muhammad Layla,Joseph Addison,1
Muhammad Layla,Aaron Naomi,1
Muhammad Layla,Christian Lelani,1
Muhammad Layla,Xavier Isabelle,1
Muhammad Layla,Easton Liliana,1
Muhammad Layla,Joshua Kennedy,1
Mason Zoe,Ethan Eliana,1
Mason Zoe,Sebastian Mila,1
Mason Zoe,Michael Luna,1
Mason Zoe,Luca Lily,1
Mason Zoe,Julian Ellie,1
Mason Zoe,Jack Leah,1
Mason Zoe,Owen Aubrey,1
Mason Zoe,Gabriel Emily,1
Mason Zoe,Luke Aurora,1
Mason Zoe,David Emery,1
Mason Zoe,Eli Grace,1
Mason Zoe,Zane Kaylee,1
Mason Zoe,Connor Victoria,1
Mason Zoe,Anthony Raelynn,1
Mason Zoe,Joseph Addison,1
Mason Zoe,Aaron Naomi,1
Mason Zoe,Christian Lelani,1
Mason Zoe,Xavier Isabelle,1
Mason Zoe,Easton Liliana,1
Mason Zoe,Joshua Kennedy,1
Carter Camilla,Jayden Charlotte,
Carter Camilla,James Everly,
Carter Camilla,Leo Harper,
Carter Camilla,Levi Gianna,
Carter Camilla,Josiah Adalyn,
Carter Camilla,Jayce Isla,
Carter Camilla,Wyatt Abigail,
Carter Camilla,Miles Kinsley,
Carter Camilla,Lincoln Elena,
Carter Camilla,Carson Hannah,
Carter Camilla,Maverick Penelope,
Carter Camilla,John Mackenzie,
Carter Camilla,Jameson Melanie,
Carter Camilla,Nolan Bella,
Jayden Charlotte,James Everly,
Jayden Charlotte,Leo Harper,
Jayden Charlotte,Levi Gianna,
Jayden Charlotte,Josiah Adalyn,
Jayden Charlotte,Jayce Isla,
Jayden Charlotte,Wyatt Abigail,
Jayden Charlotte,Miles Kinsley,
Jayden Charlotte,Lincoln Elena,
Jayden Charlotte,Carson Hannah,
Jayden Charlotte,Maverick Penelope,
Jayden Charlotte,John Mackenzie,
Jayden Charlotte,Jameson Melanie,
Jayden Charlotte,Nolan Bella,
Ethan Eliana,Sebastian Mila,1
Ethan Eliana,Michael Luna,1
Ethan Eliana,Luca Lily,1
Ethan Eliana,Julian Ellie,1
Ethan Eliana,Jack Leah,1
Ethan Eliana,Owen Aubrey,1
Ethan Eliana,Gabriel Emily,1
Ethan Eliana,Luke Aurora,1
Ethan Eliana,David Emery,1
Ethan Eliana,Eli Grace,1
Ethan Eliana,Zane Kaylee,1
Ethan Eliana,Connor Victoria,1
Ethan Eliana,Anthony Raelynn,1
Ethan Eliana,Joseph Addison,1
Ethan Eliana,Aaron Naomi,1
Ethan Eliana,Christian Lelani,1
Ethan Eliana,Xavier Isabelle,1
Ethan Eliana,Easton Liliana,1
Ethan Eliana,Joshua Kennedy,1
Sebastian Mila,Michael Luna,1
Sebastian Mila,Luca Lily,1
Sebastian Mila,Julian Ellie,1
Sebastian Mila,Jack Leah,1
Sebastian Mila,Owen Aubrey,1
Sebastian Mila,Gabriel Emily,1
Sebastian Mila,Luke Aurora,1
Sebastian Mila,David Emery,1
Sebastian Mila,Eli Grace,1
Sebastian Mila,Zane Kaylee,1
Sebastian Mila,Connor Victoria,1
Sebastian Mila,Anthony Raelynn,1
Sebastian Mila,Joseph Addison,1
Sebastian Mila,Aaron Naomi,1
Sebastian Mila,Christian Lelani,1
Sebastian Mila,Xavier Isabelle,1
Sebastian Mila,Easton Liliana,1
Sebastian Mila,Joshua Kennedy,1
James Everly,Leo Harper,
James Everly,Levi Gianna,
James Everly,Josiah Adalyn,
James Everly,Jayce Isla,
James Everly,Wyatt Abigail,
James Everly,Miles Kinsley,
James Everly,Lincoln Elena,
James Everly,Carson Hannah,
James Everly,Maverick Penelope,
James Everly,John Mackenzie,
James Everly,Jameson Melanie,
James Everly,Nolan Bella,
Michael Luna,Luca Lily,1
Michael Luna,Julian Ellie,1
Michael Luna,Jack Leah,1
Michael Luna,Owen Aubrey,1
Michael Luna,Gabriel Emily,1
Michael Luna,Luke Aurora,1
Michael Luna,David Emery,1
Michael Luna,Eli Grace,1
Michael Luna,Zane Kaylee,1
Michael Luna,Connor Victoria,1
Michael Luna,Anthony Raelynn,1
Michael Luna,Joseph Addison,1
Michael Luna,Aaron Naomi,1
Michael Luna,Christian Lelani,1
Michael Luna,Xavier Isabelle,1
Michael Luna,Easton Liliana,1
Michael Luna,Joshua Kennedy,1
Benjamin Avery,Nathan Elizabeth,0.7
Benjamin Avery,Thomas Stella,0.7
Leo Harper,Levi Gianna,
Leo Harper,Josiah Adalyn,
Leo Harper,Jayce Isla,
Leo Harper,Wyatt Abigail,
Leo Harper,Miles Kinsley,
Leo Harper,Lincoln Elena,
Leo Harper,Carson Hannah,
Leo Harper,Maverick Penelope,
Leo Harper,John Mackenzie,
Leo Harper,Jameson Melanie,
Leo Harper,Nolan Bella,
Luca Lily,Julian Ellie,1
Luca Lily,Jack Leah,1
Luca Lily,Owen Aubrey,1
Luca Lily,Gabriel Emily,1
Luca Lily,Luke Aurora,1
Luca Lily,David Emery,1
Luca Lily,Eli Grace,1
Luca Lily,Zane Kaylee,1
Luca Lily,Connor Victoria,1
Luca Lily,Anthony Raelynn,1
Luca Lily,Joseph Addison,1
Luca Lily,Aaron Naomi,1
Luca Lily,Christian Lelani,1
Luca Lily,Xavier Isabelle,1
Luca Lily,Easton Liliana,1
Luca Lily,Joshua Kennedy,1
Alexander Ella,Samuel Sarah,0.9
Alexander Ella,Nicholas Hazel,0.9
Levi Gianna,Josiah Adalyn,
Levi Gianna,Jayce Isla,
Levi Gianna,Wyatt Abigail,
Levi Gianna,Miles Kinsley,
Levi Gianna,Lincoln Elena,
Levi Gianna,Carson Hannah,
Levi Gianna,Maverick Penelope,
Levi Gianna,John Mackenzie,
Levi Gianna,Jameson Melanie,
Levi Gianna,Nolan Bella,
Josiah Adalyn,Jayce Isla,
Josiah Adalyn,Wyatt Abigail,
Josiah Adalyn,Miles Kinsley,
Josiah Adalyn,Lincoln Elena,
Josiah Adalyn,Carson Hannah,
Josiah Adalyn,Maverick Penelope,
Josiah Adalyn,John Mackenzie,
Josiah Adalyn,Jameson Melanie,
Josiah Adalyn,Nolan Bella,
Jayce Isla,Wyatt Abigail,
Jayce Isla,Miles Kinsley,
Jayce Isla,Lincoln Elena,
Jayce Isla,Carson Hannah,
Jayce Isla,Maverick Penelope,
Jayce Isla,John Mackenzie,
Jayce Isla,Jameson Melanie,
Jayce Isla,Nolan Bella,
Julian Ellie,Jack Leah,1
Julian Ellie,Owen Aubrey,1
Julian Ellie,Gabriel Emily,1
Julian Ellie,Luke Aurora,1
Julian Ellie,David Emery,1
Julian Ellie,Eli Grace,1
Julian Ellie,Zane Kaylee,1
Julian Ellie,Connor Victoria,1
Julian Ellie,Anthony Raelynn,1
Julian Ellie,Joseph Addison,1
Julian Ellie,Aaron Naomi,1
Julian Ellie,Christian Lelani,1
Julian Ellie,Xavier Isabelle,1
Julian Ellie,Easton Liliana,1
Julian Ellie,Joshua Kennedy,1
Jack Leah,Owen Aubrey,1
Jack Leah,Gabriel Emily,1
Jack Leah,Luke Aurora,1
Jack Leah,David Emery,1
Jack Leah,Eli Grace,1
Jack Leah,Zane Kaylee,1
Jack Leah,Connor Victoria,1
Jack Leah,Anthony Raelynn,1
Jack Leah,Joseph Addison,1
Jack Leah,Aaron Naomi,1
Jack Leah,Christian Lelani,1
Jack Leah,Xavier Isabelle,1
Jack Leah,Easton Liliana,1
Jack Leah,Joshua Kennedy,1
Ryan Nora,Isaiah Madelyn,0.8
Ryan Nora,Colton Ariana,0.8
Ryan Nora,Ian Brooklyn,0.8
Ryan Nora,Adam Callie,0.8
Jacob Scarlett,Asher Maya,0.4
Wyatt Abigail,Miles Kinsley,
Wyatt Abigail,Lincoln Elena,
Wyatt Abigail,Carson Hannah,
Wyatt Abigail,Maverick Penelope,
Wyatt Abigail,John Mackenzie,
Wyatt Abigail,Jameson Melanie,
Wyatt Abigail,Nolan Bella,
William Madison,Ezra Paisley,0.45
Owen Aubrey,Gabriel Emily,1
Owen Aubrey,Luke Aurora,1
Owen Aubrey,David Emery,1
Owen Aubrey,Eli Grace,1
Owen Aubrey,Zane Kaylee,1
Owen Aubrey,Connor Victoria,1
Owen Aubrey,Anthony Raelynn,1
Owen Aubrey,Joseph Addison,1
Owen Aubrey,Aaron Naomi,1
Owen Aubrey,Christian Lelani,1
Owen Aubrey,Xavier Isabelle,1
Owen Aubrey,Easton Liliana,1
Owen Aubrey,Joshua Kennedy,1
Gabriel Emily,Luke Aurora,1
Gabriel Emily,David Emery,1
Gabriel Emily,Eli Grace,1
Gabriel Emily,Zane Kaylee,1
Gabriel Emily,Connor Victoria,1
Gabriel Emily,Anthony Raelynn,1
Gabriel Emily,Joseph Addison,1
Gabriel Emily,Aaron Naomi,1
Gabriel Emily,Christian Lelani,1
Gabriel Emily,Xavier Isabelle,1
Gabriel Emily,Easton Liliana,1
Gabriel Emily,Joshua Kennedy,1
Miles Kinsley,Lincoln Elena,
Miles Kinsley,Carson Hannah,
Miles Kinsley,Maverick Penelope,
Miles Kinsley,John Mackenzie,
Miles Kinsley,Jameson Melanie,
Miles Kinsley,Nolan Bella,
Lincoln Elena,Carson Hannah,
Lincoln Elena,Maverick Penelope,
Lincoln Elena,John Mackenzie,
Lincoln Elena,Jameson Melanie,
Lincoln Elena,Nolan Bella,
Isaiah Madelyn,Colton Ariana,0.8
Isaiah Madelyn,Ian Brooklyn,0.8
Isaiah Madelyn,Adam Callie,0.8
Luke Aurora,David Emery,1
Luke Aurora,Eli Grace,1
Luke Aurora,Zane Kaylee,1
Luke Aurora,Connor Victoria,1
Luke Aurora,Anthony Raelynn,1
Luke Aurora,Joseph Addison,1
Luke Aurora,Aaron Naomi,1
Luke Aurora,Christian Lelani,1
Luke Aurora,Xavier Isabelle,1
Luke Aurora,Easton Liliana,1
Luke Aurora,Joshua Kennedy,1
Cameron Peyton,Ezekiel Natalie,0.6
Caleb Nova,Matthew Lila,0.85
Caleb Nova,Landon Skyler,0.85
Carson Hannah,Maverick Penelope,
Carson Hannah,John Mackenzie,
Carson Hannah,Jameson Melanie,
Carson Hannah,Nolan Bella,
Samuel Sarah,Nicholas Hazel,0.9
Colton Ariana,Ian Brooklyn,0.8
Colton Ariana,Adam Callie,0.8
Maverick Penelope,John Mackenzie,
Maverick Penelope,Jameson Melanie,
Maverick Penelope,Nolan Bella,
Matthew Lila,Landon Skyler,0.85
Ian Brooklyn,Adam Callie,0.8
David Emery,Eli Grace,1
David Emery,Zane Kaylee,1
David Emery,Connor Victoria,1
David Emery,Anthony Raelynn,1
David Emery,Joseph Addison,1
David Emery,Aaron Naomi,1
David Emery,Christian Lelani,1
David Emery,Xavier Isabelle,1
David Emery,Easton Liliana,1
David Emery,Joshua Kennedy,1
Adrian Eleanor,Hudson Anna,0.83
Nathan Elizabeth,Thomas Stella,0.7
Eli Grace,Zane Kaylee,1
Eli Grace,Connor Victoria,1
Eli Grace,Anthony Raelynn,1
Eli Grace,Joseph Addison,1
Eli Grace,Aaron Naomi,1
Eli Grace,Christian Lelani,1
Eli Grace,Xavier Isabelle,1
Eli Grace,Easton Liliana,1
Eli Grace,Joshua Kennedy,1
John Mackenzie,Jameson Melanie,
John Mackenzie,Nolan Bella,
Zane Kaylee,Connor Victoria,1
Zane Kaylee,Anthony Raelynn,1
Zane Kaylee,Joseph Addison,1
Zane Kaylee,Aaron Naomi,1
Zane Kaylee,Christian Lelani,1
Zane Kaylee,Xavier Isabelle,1
Zane Kaylee,Easton Liliana,1
Zane Kaylee,Joshua Kennedy,1
Connor Victoria,Anthony Raelynn,1
Connor Victoria,Joseph Addison,1
Connor Victoria,Aaron Naomi,1
Connor Victoria,Christian Lelani,1
Connor Victoria,Xavier Isabelle,1
Connor Victoria,Easton Liliana,1
Connor Victoria,Joshua Kennedy,1
Anthony Raelynn,Joseph Addison,1
Anthony Raelynn,Aaron Naomi,1
Anthony Raelynn,Christian Lelani,1
Anthony Raelynn,Xavier Isabelle,1
Anthony Raelynn,Easton Liliana,1
Anthony Raelynn,Joshua Kennedy,1
Joseph Addison,Aaron Naomi,1
Joseph Addison,Christian Lelani,1
Joseph Addison,Xavier Isabelle,1
Joseph Addison,Easton Liliana,1
Joseph Addison,Joshua Kennedy,1
Jameson Melanie,Nolan Bella,
Aaron Naomi,Christian Lelani,1
Aaron Naomi,Xavier Isabelle,1
Aaron Naomi,Easton Liliana,1
Aaron Naomi,Joshua Kennedy,1
Christian Lelani,Xavier Isabelle,1
Christian Lelani,Easton Liliana,1
Christian Lelani,Joshua Kennedy,1
Xavier Isabelle,Easton Liliana,1
Xavier Isabelle,Joshua Kennedy,1
Easton Liliana,Joshua Kennedy,1